Archive member included to satisfy reference by file (symbol)

C:/ST/STM32CubeIDE_1.15.0/STM32CubeIDE/plugins/com.st.stm32cube.ide.mcu.externaltools.gnu-tools-for-stm32.12.3.rel1.win32_1.0.100.202403111256/tools/bin/../lib/gcc/arm-none-eabi/12.3.1/../../../../arm-none-eabi/lib/thumb/v7e-m+fp/hard\libc_nano.a(libc_a-exit.o)
                              C:/ST/STM32CubeIDE_1.15.0/STM32CubeIDE/plugins/com.st.stm32cube.ide.mcu.externaltools.gnu-tools-for-stm32.12.3.rel1.win32_1.0.100.202403111256/tools/bin/../lib/gcc/arm-none-eabi/12.3.1/../../../../arm-none-eabi/lib/thumb/v7e-m+fp/hard/crt0.o (exit)
C:/ST/STM32CubeIDE_1.15.0/STM32CubeIDE/plugins/com.st.stm32cube.ide.mcu.externaltools.gnu-tools-for-stm32.12.3.rel1.win32_1.0.100.202403111256/tools/bin/../lib/gcc/arm-none-eabi/12.3.1/../../../../arm-none-eabi/lib/thumb/v7e-m+fp/hard\libc_nano.a(libc_a-findfp.o)
                              C:/ST/STM32CubeIDE_1.15.0/STM32CubeIDE/plugins/com.st.stm32cube.ide.mcu.externaltools.gnu-tools-for-stm32.12.3.rel1.win32_1.0.100.202403111256/tools/bin/../lib/gcc/arm-none-eabi/12.3.1/../../../../arm-none-eabi/lib/thumb/v7e-m+fp/hard\libc_nano.a(libc_a-exit.o) (__stdio_exit_handler)
C:/ST/STM32CubeIDE_1.15.0/STM32CubeIDE/plugins/com.st.stm32cube.ide.mcu.externaltools.gnu-tools-for-stm32.12.3.rel1.win32_1.0.100.202403111256/tools/bin/../lib/gcc/arm-none-eabi/12.3.1/../../../../arm-none-eabi/lib/thumb/v7e-m+fp/hard\libc_nano.a(libc_a-fwalk.o)
                              C:/ST/STM32CubeIDE_1.15.0/STM32CubeIDE/plugins/com.st.stm32cube.ide.mcu.externaltools.gnu-tools-for-stm32.12.3.rel1.win32_1.0.100.202403111256/tools/bin/../lib/gcc/arm-none-eabi/12.3.1/../../../../arm-none-eabi/lib/thumb/v7e-m+fp/hard\libc_nano.a(libc_a-findfp.o) (_fwalk_sglue)
C:/ST/STM32CubeIDE_1.15.0/STM32CubeIDE/plugins/com.st.stm32cube.ide.mcu.externaltools.gnu-tools-for-stm32.12.3.rel1.win32_1.0.100.202403111256/tools/bin/../lib/gcc/arm-none-eabi/12.3.1/../../../../arm-none-eabi/lib/thumb/v7e-m+fp/hard\libc_nano.a(libc_a-stdio.o)
                              C:/ST/STM32CubeIDE_1.15.0/STM32CubeIDE/plugins/com.st.stm32cube.ide.mcu.externaltools.gnu-tools-for-stm32.12.3.rel1.win32_1.0.100.202403111256/tools/bin/../lib/gcc/arm-none-eabi/12.3.1/../../../../arm-none-eabi/lib/thumb/v7e-m+fp/hard\libc_nano.a(libc_a-findfp.o) (__sread)
C:/ST/STM32CubeIDE_1.15.0/STM32CubeIDE/plugins/com.st.stm32cube.ide.mcu.externaltools.gnu-tools-for-stm32.12.3.rel1.win32_1.0.100.202403111256/tools/bin/../lib/gcc/arm-none-eabi/12.3.1/../../../../arm-none-eabi/lib/thumb/v7e-m+fp/hard\libc_nano.a(libc_a-memset.o)
                              C:/ST/STM32CubeIDE_1.15.0/STM32CubeIDE/plugins/com.st.stm32cube.ide.mcu.externaltools.gnu-tools-for-stm32.12.3.rel1.win32_1.0.100.202403111256/tools/bin/../lib/gcc/arm-none-eabi/12.3.1/../../../../arm-none-eabi/lib/thumb/v7e-m+fp/hard/crt0.o (memset)
C:/ST/STM32CubeIDE_1.15.0/STM32CubeIDE/plugins/com.st.stm32cube.ide.mcu.externaltools.gnu-tools-for-stm32.12.3.rel1.win32_1.0.100.202403111256/tools/bin/../lib/gcc/arm-none-eabi/12.3.1/../../../../arm-none-eabi/lib/thumb/v7e-m+fp/hard\libc_nano.a(libc_a-closer.o)
                              C:/ST/STM32CubeIDE_1.15.0/STM32CubeIDE/plugins/com.st.stm32cube.ide.mcu.externaltools.gnu-tools-for-stm32.12.3.rel1.win32_1.0.100.202403111256/tools/bin/../lib/gcc/arm-none-eabi/12.3.1/../../../../arm-none-eabi/lib/thumb/v7e-m+fp/hard\libc_nano.a(libc_a-stdio.o) (_close_r)
C:/ST/STM32CubeIDE_1.15.0/STM32CubeIDE/plugins/com.st.stm32cube.ide.mcu.externaltools.gnu-tools-for-stm32.12.3.rel1.win32_1.0.100.202403111256/tools/bin/../lib/gcc/arm-none-eabi/12.3.1/../../../../arm-none-eabi/lib/thumb/v7e-m+fp/hard\libc_nano.a(libc_a-reent.o)
                              C:/ST/STM32CubeIDE_1.15.0/STM32CubeIDE/plugins/com.st.stm32cube.ide.mcu.externaltools.gnu-tools-for-stm32.12.3.rel1.win32_1.0.100.202403111256/tools/bin/../lib/gcc/arm-none-eabi/12.3.1/../../../../arm-none-eabi/lib/thumb/v7e-m+fp/hard\libc_nano.a(libc_a-closer.o) (errno)
C:/ST/STM32CubeIDE_1.15.0/STM32CubeIDE/plugins/com.st.stm32cube.ide.mcu.externaltools.gnu-tools-for-stm32.12.3.rel1.win32_1.0.100.202403111256/tools/bin/../lib/gcc/arm-none-eabi/12.3.1/../../../../arm-none-eabi/lib/thumb/v7e-m+fp/hard\libc_nano.a(libc_a-impure.o)
                              C:/ST/STM32CubeIDE_1.15.0/STM32CubeIDE/plugins/com.st.stm32cube.ide.mcu.externaltools.gnu-tools-for-stm32.12.3.rel1.win32_1.0.100.202403111256/tools/bin/../lib/gcc/arm-none-eabi/12.3.1/../../../../arm-none-eabi/lib/thumb/v7e-m+fp/hard\libc_nano.a(libc_a-reent.o) (_impure_ptr)
C:/ST/STM32CubeIDE_1.15.0/STM32CubeIDE/plugins/com.st.stm32cube.ide.mcu.externaltools.gnu-tools-for-stm32.12.3.rel1.win32_1.0.100.202403111256/tools/bin/../lib/gcc/arm-none-eabi/12.3.1/../../../../arm-none-eabi/lib/thumb/v7e-m+fp/hard\libc_nano.a(libc_a-lseekr.o)
[...]
Memory Configuration

Name             Origin             Length             Attributes
RAM              0x20000000         0x00004000         xrw
FLASH            0x08000000         0x00008000         xr
*default*        0x00000000         0xffffffff

Linker script and memory map

LOAD C:/ST/STM32CubeIDE_1.15.0/STM32CubeIDE/plugins/com.st.stm32cube.ide.mcu.externaltools.gnu-tools-for-stm32.12.3.rel1.win32_1.0.100.202403111256/tools/bin/../lib/gcc/arm-none-eabi/12.3.1/thumb/v7e-m+fp/hard/crti.o
LOAD C:/ST/STM32CubeIDE_1.15.0/STM32CubeIDE/plugins/com.st.stm32cube.ide.mcu.externaltools.gnu-tools-for-stm32.12.3.rel1.win32_1.0.100.202403111256/tools/bin/../lib/gcc/arm-none-eabi/12.3.1/thumb/v7e-m+fp/hard/crtbegin.o
LOAD C:/ST/STM32CubeIDE_1.15.0/STM32CubeIDE/plugins/com.st.stm32cube.ide.mcu.externaltools.gnu-tools-for-stm32.12.3.rel1.win32_1.0.100.202403111256/tools/bin/../lib/gcc/arm-none-eabi/12.3.1/../../../../arm-none-eabi/lib/thumb/v7e-m+fp/hard/crt0.o
LOAD ./Core/Src/fonts.o
LOAD ./Core/Src/main.o
LOAD ./Core/Src/ssd1306.o
LOAD ./Core/Src/stm32f3xx_hal_msp.o
LOAD ./Core/Src/stm32f3xx_it.o
LOAD ./Core/Src/syscalls.o
LOAD ./Core/Src/sysmem.o
LOAD ./Core/Src/system_stm32f3xx.o
LOAD ./Core/Startup/startup_stm32f301k6tx.o
LOAD ./Drivers/STM32F3xx_HAL_Driver/Src/stm32f3xx_hal.o
LOAD ./Drivers/STM32F3xx_HAL_Driver/Src/stm32f3xx_hal_cortex.o
LOAD ./Drivers/STM32F3xx_HAL_Driver/Src/stm32f3xx_hal_dma.o
LOAD ./Drivers/STM32F3xx_HAL_Driver/Src/stm32f3xx_hal_exti.o
LOAD ./Drivers/STM32F3xx_HAL_Driver/Src/stm32f3xx_hal_flash.o
LOAD ./Drivers/STM32F3xx_HAL_Driver/Src/stm32f3xx_hal_flash_ex.o
LOAD ./Drivers/STM32F3xx_HAL_Driver/Src/stm32f3xx_hal_gpio.o
LOAD ./Drivers/STM32F3xx_HAL_Driver/Src/stm32f3xx_hal_i2c.o
LOAD ./Drivers/STM32F3xx_HAL_Driver/Src/stm32f3xx_hal_i2c_ex.o
LOAD ./Drivers/STM32F3xx_HAL_Driver/Src/stm32f3xx_hal_pwr.o
LOAD ./Drivers/STM32F3xx_HAL_Driver/Src/stm32f3xx_hal_pwr_ex.o
LOAD ./Drivers/STM32F3xx_HAL_Driver/Src/stm32f3xx_hal_rcc.o
LOAD ./Drivers/STM32F3xx_HAL_Driver/Src/stm32f3xx_hal_rcc_ex.o
LOAD ./Drivers/STM32F3xx_HAL_Driver/Src/stm32f3xx_hal_tim.o
LOAD ./Drivers/STM32F3xx_HAL_Driver/Src/stm32f3xx_hal_tim_ex.o
START GROUP
LOAD C:/ST/STM32CubeIDE_1.15.0/STM32CubeIDE/plugins/com.st.stm32cube.ide.mcu.externaltools.gnu-tools-for-stm32.12.3.rel1.win32_1.0.100.202403111256/tools/bin/../lib/gcc/arm-none-eabi/12.3.1/../../../../arm-none-eabi/lib/thumb/v7e-m+fp/hard\libc_nano.a
LOAD C:/ST/STM32CubeIDE_1.15.0/STM32CubeIDE/plugins/com.st.stm32cube.ide.mcu.externaltools.gnu-tools-for-stm32.12.3.rel1.win32_1.0.100.202403111256/tools/bin/../lib/gcc/arm-none-eabi/12.3.1/../../../../arm-none-eabi/lib/thumb/v7e-m+fp/hard\libm.a
END GROUP
START GROUP
LOAD C:/ST/STM32CubeIDE_1.15.0/STM32CubeIDE/plugins/com.st.stm32cube.ide.mcu.externaltools.gnu-tools-for-stm32.12.3.rel1.win32_1.0.100.202403111256/tools/bin/../lib/gcc/arm-none-eabi/12.3.1/thumb/v7e-m+fp/hard\libgcc.a
LOAD C:/ST/STM32CubeIDE_1.15.0/STM32CubeIDE/plugins/com.st.stm32cube.ide.mcu.externaltools.gnu-tools-for-stm32.12.3.rel1.win32_1.0.100.202403111256/tools/bin/../lib/gcc/arm-none-eabi/12.3.1/../../../../arm-none-eabi/lib/thumb/v7e-m+fp/hard\libc_nano.a
END GROUP
START GROUP
LOAD C:/ST/STM32CubeIDE_1.15.0/STM32CubeIDE/plugins/com.st.stm32cube.ide.mcu.externaltools.gnu-tools-for-stm32.12.3.rel1.win32_1.0.100.202403111256/tools/bin/../lib/gcc/arm-none-eabi/12.3.1/thumb/v7e-m+fp/hard\libgcc.a
LOAD C:/ST/STM32CubeIDE_1.15.0/STM32CubeIDE/plugins/com.st.stm32cube.ide.mcu.externaltools.gnu-tools-for-stm32.12.3.rel1.win32_1.0.100.202403111256/tools/bin/../lib/gcc/arm-none-eabi/12.3.1/../../../../arm-none-eabi/lib/thumb/v7e-m+fp/hard\libc_nano.a
LOAD C:/ST/STM32CubeIDE_1.15.0/STM32CubeIDE/plugins/com.st.stm32cube.ide.mcu.externaltools.gnu-tools-for-stm32.12.3.rel1.win32_1.0.100.202403111256/tools/bin/../lib/gcc/arm-none-eabi/12.3.1/../../../../arm-none-eabi/lib/thumb/v7e-m+fp/hard\libnosys.a
END GROUP
START GROUP
LOAD C:/ST/STM32CubeIDE_1.15.0/STM32CubeIDE/plugins/com.st.stm32cube.ide.mcu.externaltools.gnu-tools-for-stm32.12.3.rel1.win32_1.0.100.202403111256/tools/bin/../lib/gcc/arm-none-eabi/12.3.1/thumb/v7e-m+fp/hard\libgcc.a
LOAD C:/ST/STM32CubeIDE_1.15.0/STM32CubeIDE/plugins/com.st.stm32cube.ide.mcu.externaltools.gnu-tools-for-stm32.12.3.rel1.win32_1.0.100.202403111256/tools/bin/../lib/gcc/arm-none-eabi/12.3.1/../../../../arm-none-eabi/lib/thumb/v7e-m+fp/hard\libc_nano.a
LOAD C:/ST/STM32CubeIDE_1.15.0/STM32CubeIDE/plugins/com.st.stm32cube.ide.mcu.externaltools.gnu-tools-for-stm32.12.3.rel1.win32_1.0.100.202403111256/tools/bin/../lib/gcc/arm-none-eabi/12.3.1/../../../../arm-none-eabi/lib/thumb/v7e-m+fp/hard\libnosys.a
END GROUP
LOAD C:/ST/STM32CubeIDE_1.15.0/STM32CubeIDE/plugins/com.st.stm32cube.ide.mcu.externaltools.gnu-tools-for-stm32.12.3.rel1.win32_1.0.100.202403111256/tools/bin/../lib/gcc/arm-none-eabi/12.3.1/thumb/v7e-m+fp/hard/crtend.o
LOAD C:/ST/STM32CubeIDE_1.15.0/STM32CubeIDE/plugins/com.st.stm32cube.ide.mcu.externaltools.gnu-tools-for-stm32.12.3.rel1.win32_1.0.100.202403111256/tools/bin/../lib/gcc/arm-none-eabi/12.3.1/thumb/v7e-m+fp/hard/crtn.o
                0x20004000                        _estack = (ORIGIN (RAM) + LENGTH (RAM))
                0x00000200                        _Min_Heap_Size = 0x200
                0x00000400                        _Min_Stack_Size = 0x400

.isr_vector     0x08000000      0x188
                0x08000000                        . = ALIGN (0x4)
 *(.isr_vector)
 .isr_vector    0x08000000      0x188 ./Core/Startup/startup_stm32f301k6tx.o
                0x08000000                g_pfnVectors
                0x08000188                        . = ALIGN (0x4)

.text           0x08000188     0x30d4
                0x08000188                        . = ALIGN (0x4)
 *(.text)
 .text          0x08000188       0x40 C:/ST/STM32CubeIDE_1.15.0/STM32CubeIDE/plugins/com.st.stm32cube.ide.mcu.externaltools.gnu-tools-for-stm32.12.3.rel1.win32_1.0.100.202403111256/tools/bin/../lib/gcc/arm-none-eabi/12.3.1/thumb/v7e-m+fp/hard/crtbegin.o
 *(.text*)
 .text.main     0x080001c8       0x50 ./Core/Src/main.o
                0x080001c8                main
 .text.SystemClock_Config
                0x08000218       0xb8 ./Core/Src/main.o
                0x08000218                SystemClock_Config
 .text.MX_I2C1_Init
                0x080002d0       0x80 ./Core/Src/main.o
 .text.MX_GPIO_Init
                0x08000350       0x48 ./Core/Src/main.o
 .text.Error_Handler
                0x08000398        0xc ./Core/Src/main.o
                0x08000398                Error_Handler
 .text.SSD1306_Init
                0x080003a4      0x17c ./Core/Src/ssd1306.o
                0x080003a4                SSD1306_Init
 .text.SSD1306_UpdateScreen
                0x08000520       0x5c ./Core/Src/ssd1306.o
                0x08000520                SSD1306_UpdateScreen
 .text.SSD1306_Fill
                0x0800057c       0x30 ./Core/Src/ssd1306.o
                0x0800057c                SSD1306_Fill
 .text.SSD1306_DrawPixel
                0x080005ac       0xc0 ./Core/Src/ssd1306.o
                0x080005ac                SSD1306_DrawPixel
 .text.SSD1306_GotoXY
                0x0800066c       0x2c ./Core/Src/ssd1306.o
                0x0800066c                SSD1306_GotoXY
 .text.SSD1306_Putc
                0x08000698       0xfc ./Core/Src/ssd1306.o
                0x08000698                SSD1306_Putc
 .text.SSD1306_Puts
                0x08000794       0x4a ./Core/Src/ssd1306.o
                0x08000794                SSD1306_Puts
 *fill*         0x080007de        0x2 
 .text.ssd1306_I2C_Init
                0x080007e0       0x2c ./Core/Src/ssd1306.o
                0x080007e0                ssd1306_I2C_Init
 .text.ssd1306_I2C_WriteMulti
                0x0800080c       0xb8 ./Core/Src/ssd1306.o
                0x0800080c                ssd1306_I2C_WriteMulti
 .text.ssd1306_I2C_Write
                0x080008c4       0x3c ./Core/Src/ssd1306.o
                0x080008c4                ssd1306_I2C_Write
 .text.HAL_MspInit
                0x08000900       0x48 ./Core/Src/stm32f3xx_hal_msp.o
                0x08000900                HAL_MspInit
 .text.HAL_I2C_MspInit
                0x08000948       0x88 ./Core/Src/stm32f3xx_hal_msp.o
                0x08000948                HAL_I2C_MspInit
 .text.NMI_Handler
                0x080009d0        0x8 ./Core/Src/stm32f3xx_it.o
                0x080009d0                NMI_Handler
 .text.HardFault_Handler
                0x080009d8        0x8 ./Core/Src/stm32f3xx_it.o
                0x080009d8                HardFault_Handler
 .text.MemManage_Handler
                0x080009e0        0x8 ./Core/Src/stm32f3xx_it.o
                0x080009e0                MemManage_Handler
 .text.BusFault_Handler
                0x080009e8        0x8 ./Core/Src/stm32f3xx_it.o
                0x080009e8                BusFault_Handler
 .text.UsageFault_Handler
                0x080009f0        0x8 ./Core/Src/stm32f3xx_it.o
                0x080009f0                UsageFault_Handler
 .text.SVC_Handler
                0x080009f8        0xe ./Core/Src/stm32f3xx_it.o
                0x080009f8                SVC_Handler
 .text.DebugMon_Handler
                0x08000a06        0xe ./Core/Src/stm32f3xx_it.o
                0x08000a06                DebugMon_Handler
 .text.PendSV_Handler
                0x08000a14        0xe ./Core/Src/stm32f3xx_it.o
                0x08000a14                PendSV_Handler
 .text.SysTick_Handler
                0x08000a22        0xc ./Core/Src/stm32f3xx_it.o
                0x08000a22                SysTick_Handler
 *fill*         0x08000a2e        0x2 
 .text.SystemInit
                0x08000a30       0x24 ./Core/Src/system_stm32f3xx.o
                0x08000a30                SystemInit
 .text.Reset_Handler
                0x08000a54       0x50 ./Core/Startup/startup_stm32f301k6tx.o
                0x08000a54                Reset_Handler
 .text.Default_Handler
                0x08000aa4        0x2 ./Core/Startup/startup_stm32f301k6tx.o
                0x08000aa4                RTC_Alarm_IRQHandler
                0x08000aa4                TIM1_CC_IRQHandler
                0x08000aa4                PVD_IRQHandler
                0x08000aa4                TAMP_STAMP_IRQHandler
                0x08000aa4                EXTI3_IRQHandler
                0x08000aa4                I2C3_ER_IRQHandler
                0x08000aa4                EXTI0_IRQHandler
                0x08000aa4                I2C2_EV_IRQHandler
                0x08000aa4                FPU_IRQHandler
                0x08000aa4                TIM1_UP_TIM16_IRQHandler
                0x08000aa4                TIM6_DAC_IRQHandler
                0x08000aa4                DMA1_Channel4_IRQHandler
                0x08000aa4                ADC1_IRQHandler
                0x08000aa4                USART3_IRQHandler
                0x08000aa4                DMA1_Channel7_IRQHandler
                0x08000aa4                I2C1_EV_IRQHandler
                0x08000aa4                DMA1_Channel6_IRQHandler
                0x08000aa4                RCC_IRQHandler
                0x08000aa4                DMA1_Channel1_IRQHandler
                0x08000aa4                Default_Handler
                0x08000aa4                EXTI15_10_IRQHandler
                0x08000aa4                COMP2_IRQHandler
                0x08000aa4                I2C3_EV_IRQHandler
                0x08000aa4                EXTI9_5_IRQHandler
                0x08000aa4                RTC_WKUP_IRQHandler
                0x08000aa4                SPI2_IRQHandler
                0x08000aa4                DMA1_Channel5_IRQHandler
                0x08000aa4                EXTI4_IRQHandler
                0x08000aa4                TIM1_TRG_COM_TIM17_IRQHandler
                0x08000aa4                DMA1_Channel3_IRQHandler
                0x08000aa4                WWDG_IRQHandler
                0x08000aa4                TIM2_IRQHandler
                0x08000aa4                EXTI1_IRQHandler
                0x08000aa4                COMP4_6_IRQHandler
                0x08000aa4                USART2_IRQHandler
                0x08000aa4                I2C2_ER_IRQHandler
                0x08000aa4                DMA1_Channel2_IRQHandler
                0x08000aa4                FLASH_IRQHandler
                0x08000aa4                USART1_IRQHandler
                0x08000aa4                SPI3_IRQHandler
                0x08000aa4                I2C1_ER_IRQHandler
                0x08000aa4                EXTI2_TSC_IRQHandler
                0x08000aa4                TIM1_BRK_TIM15_IRQHandler
 *fill*         0x08000aa6        0x2 
 .text.HAL_Init
                0x08000aa8       0x2c ./Drivers/STM32F3xx_HAL_Driver/Src/stm32f3xx_hal.o
                0x08000aa8                HAL_Init
 .text.HAL_InitTick
                0x08000ad4       0x60 ./Drivers/STM32F3xx_HAL_Driver/Src/stm32f3xx_hal.o
                0x08000ad4                HAL_InitTick
 .text.HAL_IncTick
                0x08000b34       0x28 ./Drivers/STM32F3xx_HAL_Driver/Src/stm32f3xx_hal.o
                0x08000b34                HAL_IncTick
 .text.HAL_GetTick
                0x08000b5c       0x18 ./Drivers/STM32F3xx_HAL_Driver/Src/stm32f3xx_hal.o
                0x08000b5c                HAL_GetTick
 .text.__NVIC_SetPriorityGrouping
                0x08000b74       0x48 ./Drivers/STM32F3xx_HAL_Driver/Src/stm32f3xx_hal_cortex.o
 .text.__NVIC_GetPriorityGrouping
                0x08000bbc       0x1c ./Drivers/STM32F3xx_HAL_Driver/Src/stm32f3xx_hal_cortex.o
 .text.__NVIC_SetPriority
                0x08000bd8       0x54 ./Drivers/STM32F3xx_HAL_Driver/Src/stm32f3xx_hal_cortex.o
 .text.NVIC_EncodePriority
                0x08000c2c       0x66 ./Drivers/STM32F3xx_HAL_Driver/Src/stm32f3xx_hal_cortex.o
 *fill*         0x08000c92        0x2 
 .text.SysTick_Config
                0x08000c94       0x44 ./Drivers/STM32F3xx_HAL_Driver/Src/stm32f3xx_hal_cortex.o
 .text.HAL_NVIC_SetPriorityGrouping
                0x08000cd8       0x16 ./Drivers/STM32F3xx_HAL_Driver/Src/stm32f3xx_hal_cortex.o
                0x08000cd8                HAL_NVIC_SetPriorityGrouping
 .text.HAL_NVIC_SetPriority
                0x08000cee       0x38 ./Drivers/STM32F3xx_HAL_Driver/Src/stm32f3xx_hal_cortex.o
                0x08000cee                HAL_NVIC_SetPriority
 .text.HAL_SYSTICK_Config
                0x08000d26       0x18 ./Drivers/STM32F3xx_HAL_Driver/Src/stm32f3xx_hal_cortex.o
                0x08000d26                HAL_SYSTICK_Config
 *fill*         0x08000d3e        0x2 
 .text.HAL_GPIO_Init
                0x08000d40      0x2e4 ./Drivers/STM32F3xx_HAL_Driver/Src/stm32f3xx_hal_gpio.o
                0x08000d40                HAL_GPIO_Init
 .text.HAL_I2C_Init
                0x08001024      0x136 ./Drivers/STM32F3xx_HAL_Driver/Src/stm32f3xx_hal_i2c.o
                0x08001024                HAL_I2C_Init
 *fill*         0x0800115a        0x2 
 .text.HAL_I2C_Master_Transmit
                0x0800115c      0x230 ./Drivers/STM32F3xx_HAL_Driver/Src/stm32f3xx_hal_i2c.o
                0x0800115c                HAL_I2C_Master_Transmit
 .text.HAL_I2C_IsDeviceReady
                0x0800138c      0x1d8 ./Drivers/STM32F3xx_HAL_Driver/Src/stm32f3xx_hal_i2c.o
                0x0800138c                HAL_I2C_IsDeviceReady
 .text.I2C_Flush_TXDR
                0x08001564       0x48 ./Drivers/STM32F3xx_HAL_Driver/Src/stm32f3xx_hal_i2c.o
 .text.I2C_WaitOnFlagUntilTimeout
                0x080015ac       0xb2 ./Drivers/STM32F3xx_HAL_Driver/Src/stm32f3xx_hal_i2c.o
 .text.I2C_WaitOnTXISFlagUntilTimeout
                0x0800165e       0x8e ./Drivers/STM32F3xx_HAL_Driver/Src/stm32f3xx_hal_i2c.o
 .text.I2C_WaitOnSTOPFlagUntilTimeout
                0x080016ec       0x86 ./Drivers/STM32F3xx_HAL_Driver/Src/stm32f3xx_hal_i2c.o
 *fill*         0x08001772        0x2 
 .text.I2C_IsErrorOccurred
                0x08001774      0x1c0 ./Drivers/STM32F3xx_HAL_Driver/Src/stm32f3xx_hal_i2c.o
 .text.I2C_TransferConfig
                0x08001934       0x64 ./Drivers/STM32F3xx_HAL_Driver/Src/stm32f3xx_hal_i2c.o
 .text.HAL_I2CEx_ConfigAnalogFilter
                0x08001998       0x96 ./Drivers/STM32F3xx_HAL_Driver/Src/stm32f3xx_hal_i2c_ex.o
                0x08001998                HAL_I2CEx_ConfigAnalogFilter
 .text.HAL_I2CEx_ConfigDigitalFilter
                0x08001a2e       0x98 ./Drivers/STM32F3xx_HAL_Driver/Src/stm32f3xx_hal_i2c_ex.o
                0x08001a2e                HAL_I2CEx_ConfigDigitalFilter
 *fill*         0x08001ac6        0x2 
 .text.HAL_RCC_OscConfig
                0x08001ac8     0x107c ./Drivers/STM32F3xx_HAL_Driver/Src/stm32f3xx_hal_rcc.o
                0x08001ac8                HAL_RCC_OscConfig
 .text.HAL_RCC_ClockConfig
                0x08002b44      0x2f8 ./Drivers/STM32F3xx_HAL_Driver/Src/stm32f3xx_hal_rcc.o
                0x08002b44                HAL_RCC_ClockConfig
 .text.HAL_RCC_GetSysClockFreq
                0x08002e3c       0xa8 ./Drivers/STM32F3xx_HAL_Driver/Src/stm32f3xx_hal_rcc.o
                0x08002e3c                HAL_RCC_GetSysClockFreq
 .text.HAL_RCCEx_PeriphCLKConfig
                0x08002ee4      0x308 ./Drivers/STM32F3xx_HAL_Driver/Src/stm32f3xx_hal_rcc_ex.o
                0x08002ee4                HAL_RCCEx_PeriphCLKConfig
 .text.memset   0x080031ec       0x10 C:/ST/STM32CubeIDE_1.15.0/STM32CubeIDE/plugins/com.st.stm32cube.ide.mcu.externaltools.gnu-tools-for-stm32.12.3.rel1.win32_1.0.100.202403111256/tools/bin/../lib/gcc/arm-none-eabi/12.3.1/../../../../arm-none-eabi/lib/thumb/v7e-m+fp/hard\libc_nano.a(libc_a-memset.o)
                0x080031ec                memset
 .text.__libc_init_array
                0x080031fc       0x48 C:/ST/STM32CubeIDE_1.15.0/STM32CubeIDE/plugins/com.st.stm32cube.ide.mcu.externaltools.gnu-tools-for-stm32.12.3.rel1.win32_1.0.100.202403111256/tools/bin/../lib/gcc/arm-none-eabi/12.3.1/../../../../arm-none-eabi/lib/thumb/v7e-m+fp/hard\libc_nano.a(libc_a-init.o)
                0x080031fc                __libc_init_array
 *(.glue_7)
 .glue_7        0x08003244        0x0 linker stubs
 *(.glue_7t)
 .glue_7t       0x08003244        0x0 linker stubs
 *(.eh_frame)
 .eh_frame      0x08003244        0x0 C:/ST/STM32CubeIDE_1.15.0/STM32CubeIDE/plugins/com.st.stm32cube.ide.mcu.externaltools.gnu-tools-for-stm32.12.3.rel1.win32_1.0.100.202403111256/tools/bin/../lib/gcc/arm-none-eabi/12.3.1/thumb/v7e-m+fp/hard/crtbegin.o
 *(.init)
 .init          0x08003244        0x4 C:/ST/STM32CubeIDE_1.15.0/STM32CubeIDE/plugins/com.st.stm32cube.ide.mcu.externaltools.gnu-tools-for-stm32.12.3.rel1.win32_1.0.100.202403111256/tools/bin/../lib/gcc/arm-none-eabi/12.3.1/thumb/v7e-m+fp/hard/crti.o
                0x08003244                _init
 .init          0x08003248        0x8 C:/ST/STM32CubeIDE_1.15.0/STM32CubeIDE/plugins/com.st.stm32cube.ide.mcu.externaltools.gnu-tools-for-stm32.12.3.rel1.win32_1.0.100.202403111256/tools/bin/../lib/gcc/arm-none-eabi/12.3.1/thumb/v7e-m+fp/hard/crtn.o
 *(.fini)
 .fini          0x08003250        0x4 C:/ST/STM32CubeIDE_1.15.0/STM32CubeIDE/plugins/com.st.stm32cube.ide.mcu.externaltools.gnu-tools-for-stm32.12.3.rel1.win32_1.0.100.202403111256/tools/bin/../lib/gcc/arm-none-eabi/12.3.1/thumb/v7e-m+fp/hard/crti.o
                0x08003250                _fini
 .fini          0x08003254        0x8 C:/ST/STM32CubeIDE_1.15.0/STM32CubeIDE/plugins/com.st.stm32cube.ide.mcu.externaltools.gnu-tools-for-stm32.12.3.rel1.win32_1.0.100.202403111256/tools/bin/../lib/gcc/arm-none-eabi/12.3.1/thumb/v7e-m+fp/hard/crtn.o
                0x0800325c                        . = ALIGN (0x4)
                0x0800325c                        _etext = .

.vfp11_veneer   0x0800325c        0x0
 .vfp11_veneer  0x0800325c        0x0 linker stubs

.v4_bx          0x0800325c        0x0
 .v4_bx         0x0800325c        0x0 linker stubs

.iplt           0x0800325c        0x0
 .iplt          0x0800325c        0x0 C:/ST/STM32CubeIDE_1.15.0/STM32CubeIDE/plugins/com.st.stm32cube.ide.mcu.externaltools.gnu-tools-for-stm32.12.3.rel1.win32_1.0.100.202403111256/tools/bin/../lib/gcc/arm-none-eabi/12.3.1/thumb/v7e-m+fp/hard/crtbegin.o

.rodata         0x0800325c      0xd9c
                0x0800325c                        . = ALIGN (0x4)
 *(.rodata)
 .rodata        0x0800325c        0xe ./Core/Src/main.o
 *(.rodata*)
 *fill*         0x0800326a        0x2 
 .rodata.Font11x18
                0x0800326c      0xd5c ./Core/Src/fonts.o
                0x0800326c                Font11x18
 .rodata.AHBPrescTable
                0x08003fc8       0x10 ./Core/Src/system_stm32f3xx.o
                0x08003fc8                AHBPrescTable
 .rodata.aPLLMULFactorTable
                0x08003fd8       0x10 ./Drivers/STM32F3xx_HAL_Driver/Src/stm32f3xx_hal_rcc.o
 .rodata.aPredivFactorTable
                0x08003fe8       0x10 ./Drivers/STM32F3xx_HAL_Driver/Src/stm32f3xx_hal_rcc.o
                0x08003ff8                        . = ALIGN (0x4)

.ARM.extab      0x08003ff8        0x0
                0x08003ff8                        . = ALIGN (0x4)
 *(.ARM.extab* .gnu.linkonce.armextab.*)
                0x08003ff8                        . = ALIGN (0x4)

.ARM            0x08003ff8        0x0
                0x08003ff8                        . = ALIGN (0x4)
                0x08003ff8                        __exidx_start = .
 *(.ARM.exidx*)
                0x08003ff8                        __exidx_end = .
                0x08003ff8                        . = ALIGN (0x4)

.preinit_array  0x08003ff8        0x0
                0x08003ff8                        . = ALIGN (0x4)
                0x08003ff8                        PROVIDE (__preinit_array_start = .)
 *(.preinit_array*)
                0x08003ff8                        PROVIDE (__preinit_array_end = .)
                0x08003ff8                        . = ALIGN (0x4)

.init_array     0x08003ff8        0x4
                0x08003ff8                        . = ALIGN (0x4)
                0x08003ff8                        PROVIDE (__init_array_start = .)
 *(SORT_BY_NAME(.init_array.*))
 *(.init_array*)
 .init_array    0x08003ff8        0x4 C:/ST/STM32CubeIDE_1.15.0/STM32CubeIDE/plugins/com.st.stm32cube.ide.mcu.externaltools.gnu-tools-for-stm32.12.3.rel1.win32_1.0.100.202403111256/tools/bin/../lib/gcc/arm-none-eabi/12.3.1/thumb/v7e-m+fp/hard/crtbegin.o
                0x08003ffc                        PROVIDE (__init_array_end = .)
                0x08003ffc                        . = ALIGN (0x4)

.fini_array     0x08003ffc        0x4
                0x08003ffc                        . = ALIGN (0x4)
                [!provide]                        PROVIDE (__fini_array_start = .)
 *(SORT_BY_NAME(.fini_array.*))
 *(.fini_array*)
 .fini_array    0x08003ffc        0x4 C:/ST/STM32CubeIDE_1.15.0/STM32CubeIDE/plugins/com.st.stm32cube.ide.mcu.externaltools.gnu-tools-for-stm32.12.3.rel1.win32_1.0.100.202403111256/tools/bin/../lib/gcc/arm-none-eabi/12.3.1/thumb/v7e-m+fp/hard/crtbegin.o
                [!provide]                        PROVIDE (__fini_array_end = .)
                0x08004000                        . = ALIGN (0x4)
                0x08004000                        _sidata = LOADADDR (.data)

.rel.dyn        0x08004000        0x0
 .rel.iplt      0x08004000        0x0 C:/ST/STM32CubeIDE_1.15.0/STM32CubeIDE/plugins/com.st.stm32cube.ide.mcu.externaltools.gnu-tools-for-stm32.12.3.rel1.win32_1.0.100.202403111256/tools/bin/../lib/gcc/arm-none-eabi/12.3.1/thumb/v7e-m+fp/hard/crtbegin.o

.data           0x20000000       0x14 load address 0x08004000
                0x20000000                        . = ALIGN (0x4)
                0x20000000                        _sdata = .
 *(.data)
 *(.data*)
 .data.Font_11x18
                0x20000000        0x8 ./Core/Src/fonts.o
                0x20000000                Font_11x18
 .data.SystemCoreClock
                0x20000008        0x4 ./Core/Src/system_stm32f3xx.o
                0x20000008                SystemCoreClock
 .data.uwTickPrio
                0x2000000c        0x4 ./Drivers/STM32F3xx_HAL_Driver/Src/stm32f3xx_hal.o
                0x2000000c                uwTickPrio
 .data.uwTickFreq
                0x20000010        0x1 ./Drivers/STM32F3xx_HAL_Driver/Src/stm32f3xx_hal.o
                0x20000010                uwTickFreq
 *(.RamFunc)
 *(.RamFunc*)
                0x20000014                        . = ALIGN (0x4)
 *fill*         0x20000011        0x3 
                0x20000014                        _edata = .

.igot.plt       0x20000014        0x0 load address 0x08004014
 .igot.plt      0x20000014        0x0 C:/ST/STM32CubeIDE_1.15.0/STM32CubeIDE/plugins/com.st.stm32cube.ide.mcu.externaltools.gnu-tools-for-stm32.12.3.rel1.win32_1.0.100.202403111256/tools/bin/../lib/gcc/arm-none-eabi/12.3.1/thumb/v7e-m+fp/hard/crtbegin.o
                0x20000014                        . = ALIGN (0x4)

.bss            0x20000014      0x47c load address 0x08004014
                0x20000014                        _sbss = .
                0x20000014                        __bss_start__ = _sbss
 *(.bss)
 .bss           0x20000014       0x1c C:/ST/STM32CubeIDE_1.15.0/STM32CubeIDE/plugins/com.st.stm32cube.ide.mcu.externaltools.gnu-tools-for-stm32.12.3.rel1.win32_1.0.100.202403111256/tools/bin/../lib/gcc/arm-none-eabi/12.3.1/thumb/v7e-m+fp/hard/crtbegin.o
 *(.bss*)
 .bss.hi2c1     0x20000030       0x54 ./Core/Src/main.o
                0x20000030                hi2c1
 .bss.SSD1306_Buffer
                0x20000084      0x400 ./Core/Src/ssd1306.o
 .bss.SSD1306   0x20000484        0x6 ./Core/Src/ssd1306.o
 *fill*         0x2000048a        0x2 
 .bss.uwTick    0x2000048c        0x4 ./Drivers/STM32F3xx_HAL_Driver/Src/stm32f3xx_hal.o
                0x2000048c                uwTick
 *(COMMON)
                0x20000490                        . = ALIGN (0x4)
                0x20000490                        _ebss = .
                0x20000490                        __bss_end__ = _ebss

._user_heap_stack
                0x20000490      0x600 load address 0x08004014
                0x20000490                        . = ALIGN (0x8)
                [!provide]                        PROVIDE (end = .)
                0x20000490                        PROVIDE (_end = .)
                0x20000690                        . = (. + _Min_Heap_Size)
 *fill*         0x20000490      0x200 
                0x20000a90                        . = (. + _Min_Stack_Size)
 *fill*         0x20000690      0x400 
                0x20000a90                        . = ALIGN (0x8)

/DISCARD/
 libc.a(*)
 libm.a(*)
 libgcc.a(*)

.ARM.attributes
                0x00000000       0x30
 *(.ARM.attributes)
 .ARM.attributes
                0x00000000       0x22 C:/ST/STM32CubeIDE_1.15.0/STM32CubeIDE/plugins/com.st.stm32cube.ide.mcu.externaltools.gnu-tools-for-stm32.12.3.rel1.win32_1.0.100.202403111256/tools/bin/../lib/gcc/arm-none-eabi/12.3.1/thumb/v7e-m+fp/hard/crti.o
 .ARM.attributes
                0x00000022       0x34 C:/ST/STM32CubeIDE_1.15.0/STM32CubeIDE/plugins/com.st.stm32cube.ide.mcu.externaltools.gnu-tools-for-stm32.12.3.rel1.win32_1.0.100.202403111256/tools/bin/../lib/gcc/arm-none-eabi/12.3.1/thumb/v7e-m+fp/hard/crtbegin.o
 .ARM.attributes
                0x00000056       0x34 ./Core/Src/fonts.o
 .ARM.attributes
                0x0000008a       0x34 ./Core/Src/main.o
 .ARM.attributes
                0x000000be       0x34 ./Core/Src/ssd1306.o
 .ARM.attributes
                0x000000f2       0x34 ./Core/Src/stm32f3xx_hal_msp.o
 .ARM.attributes
                0x00000126       0x34 ./Core/Src/stm32f3xx_it.o
 .ARM.attributes
                0x0000015a       0x34 ./Core/Src/system_stm32f3xx.o
 .ARM.attributes
                0x0000018e       0x21 ./Core/Startup/startup_stm32f301k6tx.o
 .ARM.attributes
                0x000001af       0x34 ./Drivers/STM32F3xx_HAL_Driver/Src/stm32f3xx_hal.o
 .ARM.attributes
                0x000001e3       0x34 ./Drivers/STM32F3xx_HAL_Driver/Src/stm32f3xx_hal_cortex.o
 .ARM.attributes
                0x00000217       0x34 ./Drivers/STM32F3xx_HAL_Driver/Src/stm32f3xx_hal_gpio.o
 .ARM.attributes
                0x0000024b       0x34 ./Drivers/STM32F3xx_HAL_Driver/Src/stm32f3xx_hal_i2c.o
 .ARM.attributes
                0x0000027f       0x34 ./Drivers/STM32F3xx_HAL_Driver/Src/stm32f3xx_hal_i2c_ex.o
 .ARM.attributes
                0x000002b3       0x34 ./Drivers/STM32F3xx_HAL_Driver/Src/stm32f3xx_hal_rcc.o
 .ARM.attributes
                0x000002e7       0x34 ./Drivers/STM32F3xx_HAL_Driver/Src/stm32f3xx_hal_rcc_ex.o
 .ARM.attributes
                0x0000031b       0x34 C:/ST/STM32CubeIDE_1.15.0/STM32CubeIDE/plugins/com.st.stm32cube.ide.mcu.externaltools.gnu-tools-for-stm32.12.3.rel1.win32_1.0.100.202403111256/tools/bin/../lib/gcc/arm-none-eabi/12.3.1/../../../../arm-none-eabi/lib/thumb/v7e-m+fp/hard\libc_nano.a(libc_a-memset.o)
 .ARM.attributes
                0x0000034f       0x34 C:/ST/STM32CubeIDE_1.15.0/STM32CubeIDE/plugins/com.st.stm32cube.ide.mcu.externaltools.gnu-tools-for-stm32.12.3.rel1.win32_1.0.100.202403111256/tools/bin/../lib/gcc/arm-none-eabi/12.3.1/../../../../arm-none-eabi/lib/thumb/v7e-m+fp/hard\libc_nano.a(libc_a-init.o)
 .ARM.attributes
                0x00000383       0x22 C:/ST/STM32CubeIDE_1.15.0/STM32CubeIDE/plugins/com.st.stm32cube.ide.mcu.externaltools.gnu-tools-for-stm32.12.3.rel1.win32_1.0.100.202403111256/tools/bin/../lib/gcc/arm-none-eabi/12.3.1/thumb/v7e-m+fp/hard/crtn.o
OUTPUT(Ecran_OLED.elf elf32-littlearm)
LOAD linker stubs
LOAD C:/ST/STM32CubeIDE_1.15.0/STM32CubeIDE/plugins/com.st.stm32cube.ide.mcu.externaltools.gnu-tools-for-stm32.12.3.rel1.win32_1.0.100.202403111256/tools/bin/../lib/gcc/arm-none-eabi/12.3.1/../../../../arm-none-eabi/lib/thumb/v7e-m+fp/hard\libc.a
LOAD C:/ST/STM32CubeIDE_1.15.0/STM32CubeIDE/plugins/com.st.stm32cube.ide.mcu.externaltools.gnu-tools-for-stm32.12.3.rel1.win32_1.0.100.202403111256/tools/bin/../lib/gcc/arm-none-eabi/12.3.1/../../../../arm-none-eabi/lib/thumb/v7e-m+fp/hard\libm.a
LOAD C:/ST/STM32CubeIDE_1.15.0/STM32CubeIDE/plugins/com.st.stm32cube.ide.mcu.externaltools.gnu-tools-for-stm32.12.3.rel1.win32_1.0.100.202403111256/tools/bin/../lib/gcc/arm-none-eabi/12.3.1/thumb/v7e-m+fp/hard\libgcc.a

.debug_info     0x00000000     0x845f
 .debug_info    0x00000000      0x255 ./Core/Src/fonts.o
 .debug_info    0x00000255      0xb2d ./Core/Src/main.o
 .debug_info    0x00000d82      0xe79 ./Core/Src/ssd1306.o
 .debug_info    0x00001bfb      0x87e ./Core/Src/stm32f3xx_hal_msp.o
 .debug_info    0x00002479      0x113 ./Core/Src/stm32f3xx_it.o
 .debug_info    0x0000258c      0x407 ./Core/Src/system_stm32f3xx.o
 .debug_info    0x00002993       0x30 ./Core/Startup/startup_stm32f301k6tx.o
 .debug_info    0x000029c3      0x736 ./Drivers/STM32F3xx_HAL_Driver/Src/stm32f3xx_hal.o
 .debug_info    0x000030f9      0xa81 ./Drivers/STM32F3xx_HAL_Driver/Src/stm32f3xx_hal_cortex.o
 .debug_info    0x00003b7a      0x5fe ./Drivers/STM32F3xx_HAL_Driver/Src/stm32f3xx_hal_gpio.o
 .debug_info    0x00004178     0x20c3 ./Drivers/STM32F3xx_HAL_Driver/Src/stm32f3xx_hal_i2c.o
 .debug_info    0x0000623b      0x818 ./Drivers/STM32F3xx_HAL_Driver/Src/stm32f3xx_hal_i2c_ex.o
 .debug_info    0x00006a53     0x148a ./Drivers/STM32F3xx_HAL_Driver/Src/stm32f3xx_hal_rcc.o
 .debug_info    0x00007edd      0x582 ./Drivers/STM32F3xx_HAL_Driver/Src/stm32f3xx_hal_rcc_ex.o

.debug_abbrev   0x00000000     0x1a06
 .debug_abbrev  0x00000000      0x11c ./Core/Src/fonts.o
 .debug_abbrev  0x0000011c      0x273 ./Core/Src/main.o
 .debug_abbrev  0x0000038f      0x2c9 ./Core/Src/ssd1306.o
 .debug_abbrev  0x00000658      0x1af ./Core/Src/stm32f3xx_hal_msp.o
 .debug_abbrev  0x00000807       0x73 ./Core/Src/stm32f3xx_it.o
 .debug_abbrev  0x0000087a      0x11a ./Core/Src/system_stm32f3xx.o
 .debug_abbrev  0x00000994       0x24 ./Core/Startup/startup_stm32f301k6tx.o
 .debug_abbrev  0x000009b8      0x249 ./Drivers/STM32F3xx_HAL_Driver/Src/stm32f3xx_hal.o
 .debug_abbrev  0x00000c01      0x2f8 ./Drivers/STM32F3xx_HAL_Driver/Src/stm32f3xx_hal_cortex.o
 .debug_abbrev  0x00000ef9      0x1ca ./Drivers/STM32F3xx_HAL_Driver/Src/stm32f3xx_hal_gpio.o
 .debug_abbrev  0x000010c3      0x260 ./Drivers/STM32F3xx_HAL_Driver/Src/stm32f3xx_hal_i2c.o
 .debug_abbrev  0x00001323      0x1c2 ./Drivers/STM32F3xx_HAL_Driver/Src/stm32f3xx_hal_i2c_ex.o
 .debug_abbrev  0x000014e5      0x300 ./Drivers/STM32F3xx_HAL_Driver/Src/stm32f3xx_hal_rcc.o
 .debug_abbrev  0x000017e5      0x221 ./Drivers/STM32F3xx_HAL_Driver/Src/stm32f3xx_hal_rcc_ex.o

.debug_aranges  0x00000000      0x7d8
 .debug_aranges
                0x00000000       0x20 ./Core/Src/fonts.o
 .debug_aranges
                0x00000020       0x40 ./Core/Src/main.o
 .debug_aranges
                0x00000060       0xb8 ./Core/Src/ssd1306.o
 .debug_aranges
                0x00000118       0x30 ./Core/Src/stm32f3xx_hal_msp.o
 .debug_aranges
                0x00000148       0x60 ./Core/Src/stm32f3xx_it.o
 .debug_aranges
                0x000001a8       0x28 ./Core/Src/system_stm32f3xx.o
 .debug_aranges
                0x000001d0       0x28 ./Core/Startup/startup_stm32f301k6tx.o
 .debug_aranges
                0x000001f8       0xe0 ./Drivers/STM32F3xx_HAL_Driver/Src/stm32f3xx_hal.o
 .debug_aranges
                0x000002d8      0x100 ./Drivers/STM32F3xx_HAL_Driver/Src/stm32f3xx_hal_cortex.o
 .debug_aranges
                0x000003d8       0x58 ./Drivers/STM32F3xx_HAL_Driver/Src/stm32f3xx_hal_gpio.o
 .debug_aranges
                0x00000430      0x2a0 ./Drivers/STM32F3xx_HAL_Driver/Src/stm32f3xx_hal_i2c.o
 .debug_aranges
                0x000006d0       0x48 ./Drivers/STM32F3xx_HAL_Driver/Src/stm32f3xx_hal_i2c_ex.o
 .debug_aranges
                0x00000718       0x88 ./Drivers/STM32F3xx_HAL_Driver/Src/stm32f3xx_hal_rcc.o
 .debug_aranges
                0x000007a0       0x38 ./Drivers/STM32F3xx_HAL_Driver/Src/stm32f3xx_hal_rcc_ex.o

.debug_rnglists
                0x00000000      0x5ed
 .debug_rnglists
                0x00000000       0x13 ./Core/Src/fonts.o
 .debug_rnglists
                0x00000013       0x2d ./Core/Src/main.o
 .debug_rnglists
                0x00000040       0x8f ./Core/Src/ssd1306.o
 .debug_rnglists
                0x000000cf       0x20 ./Core/Src/stm32f3xx_hal_msp.o
 .debug_rnglists
                0x000000ef       0x43 ./Core/Src/stm32f3xx_it.o
 .debug_rnglists
                0x00000132       0x1a ./Core/Src/system_stm32f3xx.o
 .debug_rnglists
                0x0000014c       0x19 ./Core/Startup/startup_stm32f301k6tx.o
 .debug_rnglists
                0x00000165       0xa3 ./Drivers/STM32F3xx_HAL_Driver/Src/stm32f3xx_hal.o
 .debug_rnglists
                0x00000208       0xbb ./Drivers/STM32F3xx_HAL_Driver/Src/stm32f3xx_hal_cortex.o
 .debug_rnglists
                0x000002c3       0x3f ./Drivers/STM32F3xx_HAL_Driver/Src/stm32f3xx_hal_gpio.o
 .debug_rnglists
                0x00000302      0x228 ./Drivers/STM32F3xx_HAL_Driver/Src/stm32f3xx_hal_i2c.o
 .debug_rnglists
                0x0000052a       0x35 ./Drivers/STM32F3xx_HAL_Driver/Src/stm32f3xx_hal_i2c_ex.o
 .debug_rnglists
                0x0000055f       0x66 ./Drivers/STM32F3xx_HAL_Driver/Src/stm32f3xx_hal_rcc.o
 .debug_rnglists
                0x000005c5       0x28 ./Drivers/STM32F3xx_HAL_Driver/Src/stm32f3xx_hal_rcc_ex.o

.debug_macro    0x00000000    0x1481b
 .debug_macro   0x00000000      0x273 ./Core/Src/fonts.o
 .debug_macro   0x00000273      0xab4 ./Core/Src/fonts.o
 .debug_macro   0x00000d27      0x14b ./Core/Src/fonts.o
 .debug_macro   0x00000e72       0x2e ./Core/Src/fonts.o
 .debug_macro   0x00000ea0       0x28 ./Core/Src/fonts.o
 .debug_macro   0x00000ec8       0x22 ./Core/Src/fonts.o
 .debug_macro   0x00000eea       0x8e ./Core/Src/fonts.o
 .debug_macro   0x00000f78       0x51 ./Core/Src/fonts.o
 .debug_macro   0x00000fc9      0x103 ./Core/Src/fonts.o
 .debug_macro   0x000010cc       0x6a ./Core/Src/fonts.o
 .debug_macro   0x00001136      0x1df ./Core/Src/fonts.o
 .debug_macro   0x00001315       0x1c ./Core/Src/fonts.o
 .debug_macro   0x00001331       0x22 ./Core/Src/fonts.o
 .debug_macro   0x00001353       0xd9 ./Core/Src/fonts.o
 .debug_macro   0x0000142c      0xf07 ./Core/Src/fonts.o
 .debug_macro   0x00002333     0xb11f ./Core/Src/fonts.o
 .debug_macro   0x0000d452       0x6d ./Core/Src/fonts.o
 .debug_macro   0x0000d4bf     0x3574 ./Core/Src/fonts.o
 .debug_macro   0x00010a33      0x189 ./Core/Src/fonts.o
 .debug_macro   0x00010bbc       0x55 ./Core/Src/fonts.o
 .debug_macro   0x00010c11      0x8f8 ./Core/Src/fonts.o
 .debug_macro   0x00011509      0x39d ./Core/Src/fonts.o
 .debug_macro   0x000118a6      0x1b5 ./Core/Src/fonts.o
 .debug_macro   0x00011a5b      0x153 ./Core/Src/fonts.o
 .debug_macro   0x00011bae      0x1d5 ./Core/Src/fonts.o
 .debug_macro   0x00011d83      0x1bc ./Core/Src/fonts.o
 .debug_macro   0x00011f3f       0x34 ./Core/Src/fonts.o
 .debug_macro   0x00011f73       0x3c ./Core/Src/fonts.o
 .debug_macro   0x00011faf       0x57 ./Core/Src/fonts.o
 .debug_macro   0x00012006       0xc5 ./Core/Src/fonts.o
 .debug_macro   0x000120cb      0x19f ./Core/Src/fonts.o
 .debug_macro   0x0001226a      0x22c ./Core/Src/fonts.o
 .debug_macro   0x00012496       0x5b ./Core/Src/fonts.o
 .debug_macro   0x000124f1       0xa5 ./Core/Src/fonts.o
 .debug_macro   0x00012596       0x81 ./Core/Src/fonts.o
 .debug_macro   0x00012617       0xd3 ./Core/Src/fonts.o
 .debug_macro   0x000126ea      0x1db ./Core/Src/fonts.o
 .debug_macro   0x000128c5       0x61 ./Core/Src/fonts.o
 .debug_macro   0x00012926       0x2a ./Core/Src/fonts.o
 .debug_macro   0x00012950       0x43 ./Core/Src/fonts.o
 .debug_macro   0x00012993       0x34 ./Core/Src/fonts.o
 .debug_macro   0x000129c7       0x16 ./Core/Src/fonts.o
 .debug_macro   0x000129dd       0x43 ./Core/Src/fonts.o
 .debug_macro   0x00012a20       0x34 ./Core/Src/fonts.o
 .debug_macro   0x00012a54       0x10 ./Core/Src/fonts.o
 .debug_macro   0x00012a64       0x58 ./Core/Src/fonts.o
 .debug_macro   0x00012abc       0x8e ./Core/Src/fonts.o
 .debug_macro   0x00012b4a       0x1c ./Core/Src/fonts.o
 .debug_macro   0x00012b66      0x177 ./Core/Src/fonts.o
 .debug_macro   0x00012cdd      0x369 ./Core/Src/fonts.o
 .debug_macro   0x00013046       0x10 ./Core/Src/fonts.o
 .debug_macro   0x00013056       0x35 ./Core/Src/fonts.o
 .debug_macro   0x0001308b       0x20 ./Core/Src/fonts.o
 .debug_macro   0x000130ab      0x2c9 ./Core/Src/main.o
 .debug_macro   0x00013374       0x1c ./Core/Src/main.o
 .debug_macro   0x00013390       0x16 ./Core/Src/main.o
 .debug_macro   0x000133a6       0x16 ./Core/Src/main.o
 .debug_macro   0x000133bc       0x29 ./Core/Src/main.o
 .debug_macro   0x000133e5       0x1d ./Core/Src/main.o
 .debug_macro   0x00013402      0x2c8 ./Core/Src/ssd1306.o
 .debug_macro   0x000136ca      0x1aa ./Core/Src/stm32f3xx_hal_msp.o
 .debug_macro   0x00013874      0x1b4 ./Core/Src/stm32f3xx_it.o
 .debug_macro   0x00013a28      0x19b ./Core/Src/system_stm32f3xx.o
 .debug_macro   0x00013bc3      0x1bf ./Drivers/STM32F3xx_HAL_Driver/Src/stm32f3xx_hal.o
 .debug_macro   0x00013d82      0x19b ./Drivers/STM32F3xx_HAL_Driver/Src/stm32f3xx_hal_cortex.o
 .debug_macro   0x00013f1d      0x1a2 ./Drivers/STM32F3xx_HAL_Driver/Src/stm32f3xx_hal_gpio.o
 .debug_macro   0x000140bf      0x267 ./Drivers/STM32F3xx_HAL_Driver/Src/stm32f3xx_hal_i2c.o
 .debug_macro   0x00014326      0x19b ./Drivers/STM32F3xx_HAL_Driver/Src/stm32f3xx_hal_i2c_ex.o
 .debug_macro   0x000144c1      0x1bf ./Drivers/STM32F3xx_HAL_Driver/Src/stm32f3xx_hal_rcc.o
 .debug_macro   0x00014680      0x19b ./Drivers/STM32F3xx_HAL_Driver/Src/stm32f3xx_hal_rcc_ex.o

.debug_line     0x00000000     0xbacf
 .debug_line    0x00000000      0x870 ./Core/Src/fonts.o
 .debug_line    0x00000870      0x998 ./Core/Src/main.o
 .debug_line    0x00001208      0xeec ./Core/Src/ssd1306.o
 .debug_line    0x000020f4      0x754 ./Core/Src/stm32f3xx_hal_msp.o
 .debug_line    0x00002848      0x7c9 ./Core/Src/stm32f3xx_it.o
 .debug_line    0x00003011      0x780 ./Core/Src/system_stm32f3xx.o
 .debug_line    0x00003791       0x7a ./Core/Startup/startup_stm32f301k6tx.o
 .debug_line    0x0000380b      0x9b8 ./Drivers/STM32F3xx_HAL_Driver/Src/stm32f3xx_hal.o
 .debug_line    0x000041c3      0xb9e ./Drivers/STM32F3xx_HAL_Driver/Src/stm32f3xx_hal_cortex.o
 .debug_line    0x00004d61      0xb1b ./Drivers/STM32F3xx_HAL_Driver/Src/stm32f3xx_hal_gpio.o
 .debug_line    0x0000587c     0x3a2f ./Drivers/STM32F3xx_HAL_Driver/Src/stm32f3xx_hal_i2c.o
 .debug_line    0x000092ab      0x924 ./Drivers/STM32F3xx_HAL_Driver/Src/stm32f3xx_hal_i2c_ex.o
 .debug_line    0x00009bcf     0x134c ./Drivers/STM32F3xx_HAL_Driver/Src/stm32f3xx_hal_rcc.o
 .debug_line    0x0000af1b      0xbb4 ./Drivers/STM32F3xx_HAL_Driver/Src/stm32f3xx_hal_rcc_ex.o

.debug_str      0x00000000    0x7a544
 .debug_str     0x00000000    0x779d4 ./Core/Src/fonts.o
                              0x77c6d (size before relaxing)
 .debug_str     0x000779d4      0x957 ./Core/Src/main.o
                              0x78608 (size before relaxing)
 .debug_str     0x0007832b      0x2e1 ./Core/Src/ssd1306.o
                              0x78536 (size before relaxing)
 .debug_str     0x0007860c       0xd9 ./Core/Src/stm32f3xx_hal_msp.o
                              0x7507e (size before relaxing)
 .debug_str     0x000786e5       0xc9 ./Core/Src/stm32f3xx_it.o
                              0x74b44 (size before relaxing)
 .debug_str     0x000787ae       0xe9 ./Core/Src/system_stm32f3xx.o
                              0x74b85 (size before relaxing)
 .debug_str     0x00078897       0x44 ./Core/Startup/startup_stm32f301k6tx.o
                                 0xe6 (size before relaxing)
 .debug_str     0x000788db      0x5fd ./Drivers/STM32F3xx_HAL_Driver/Src/stm32f3xx_hal.o
                              0x75264 (size before relaxing)
 .debug_str     0x00078ed8      0x267 ./Drivers/STM32F3xx_HAL_Driver/Src/stm32f3xx_hal_cortex.o
                              0x75189 (size before relaxing)
 .debug_str     0x0007913f      0x176 ./Drivers/STM32F3xx_HAL_Driver/Src/stm32f3xx_hal_gpio.o
                              0x74cfb (size before relaxing)
 .debug_str     0x000792b5      0xe53 ./Drivers/STM32F3xx_HAL_Driver/Src/stm32f3xx_hal_i2c.o
                              0x75e85 (size before relaxing)
 .debug_str     0x0007a108       0xb8 ./Drivers/STM32F3xx_HAL_Driver/Src/stm32f3xx_hal_i2c_ex.o
                              0x75085 (size before relaxing)
 .debug_str     0x0007a1c0      0x2c6 ./Drivers/STM32F3xx_HAL_Driver/Src/stm32f3xx_hal_rcc.o
                              0x75025 (size before relaxing)
 .debug_str     0x0007a486       0xbe ./Drivers/STM32F3xx_HAL_Driver/Src/stm32f3xx_hal_rcc_ex.o
                              0x74d97 (size before relaxing)

.comment        0x00000000       0x43
 .comment       0x00000000       0x43 ./Core/Src/fonts.o
                                 0x44 (size before relaxing)
 .comment       0x00000043       0x44 ./Core/Src/main.o
 .comment       0x00000043       0x44 ./Core/Src/ssd1306.o
 .comment       0x00000043       0x44 ./Core/Src/stm32f3xx_hal_msp.o
 .comment       0x00000043       0x44 ./Core/Src/stm32f3xx_it.o
 .comment       0x00000043       0x44 ./Core/Src/system_stm32f3xx.o
 .comment       0x00000043       0x44 ./Drivers/STM32F3xx_HAL_Driver/Src/stm32f3xx_hal.o
 .comment       0x00000043       0x44 ./Drivers/STM32F3xx_HAL_Driver/Src/stm32f3xx_hal_cortex.o
 .comment       0x00000043       0x44 ./Drivers/STM32F3xx_HAL_Driver/Src/stm32f3xx_hal_gpio.o
 .comment       0x00000043       0x44 ./Drivers/STM32F3xx_HAL_Driver/Src/stm32f3xx_hal_i2c.o
 .comment       0x00000043       0x44 ./Drivers/STM32F3xx_HAL_Driver/Src/stm32f3xx_hal_i2c_ex.o
 .comment       0x00000043       0x44 ./Drivers/STM32F3xx_HAL_Driver/Src/stm32f3xx_hal_rcc.o
 .comment       0x00000043       0x44 ./Drivers/STM32F3xx_HAL_Driver/Src/stm32f3xx_hal_rcc_ex.o

.debug_frame    0x00000000     0x1eb8
 .debug_frame   0x00000000       0x38 ./Core/Src/fonts.o
 .debug_frame   0x00000038       0xac ./Core/Src/main.o
 .debug_frame   0x000000e4      0x308 ./Core/Src/ssd1306.o
 .debug_frame   0x000003ec       0x80 ./Core/Src/stm32f3xx_hal_msp.o
 .debug_frame   0x0000046c      0x104 ./Core/Src/stm32f3xx_it.o
 .debug_frame   0x00000570       0x58 ./Core/Src/system_stm32f3xx.o
 .debug_frame   0x000005c8      0x334 ./Drivers/STM32F3xx_HAL_Driver/Src/stm32f3xx_hal.o
 .debug_frame   0x000008fc      0x428 ./Drivers/STM32F3xx_HAL_Driver/Src/stm32f3xx_hal_cortex.o
 .debug_frame   0x00000d24      0x14c ./Drivers/STM32F3xx_HAL_Driver/Src/stm32f3xx_hal_gpio.o
 .debug_frame   0x00000e70      0xc38 ./Drivers/STM32F3xx_HAL_Driver/Src/stm32f3xx_hal_i2c.o
 .debug_frame   0x00001aa8      0x100 ./Drivers/STM32F3xx_HAL_Driver/Src/stm32f3xx_hal_i2c_ex.o
 .debug_frame   0x00001ba8      0x214 ./Drivers/STM32F3xx_HAL_Driver/Src/stm32f3xx_hal_rcc.o
 .debug_frame   0x00001dbc       0xb0 ./Drivers/STM32F3xx_HAL_Driver/Src/stm32f3xx_hal_rcc_ex.o
 .debug_frame   0x00001e6c       0x20 C:/ST/STM32CubeIDE_1.15.0/STM32CubeIDE/plugins/com.st.stm32cube.ide.mcu.externaltools.gnu-tools-for-stm32.12.3.rel1.win32_1.0.100.202403111256/tools/bin/../lib/gcc/arm-none-eabi/12.3.1/../../../../arm-none-eabi/lib/thumb/v7e-m+fp/hard\libc_nano.a(libc_a-memset.o)
 .debug_frame   0x00001e8c       0x2c C:/ST/STM32CubeIDE_1.15.0/STM32CubeIDE/plugins/com.st.stm32cube.ide.mcu.externaltools.gnu-tools-for-stm32.12.3.rel1.win32_1.0.100.202403111256/tools/bin/../lib/gcc/arm-none-eabi/12.3.1/../../../../arm-none-eabi/lib/thumb/v7e-m+fp/hard\libc_nano.a(libc_a-init.o)

.debug_line_str
                0x00000000       0xca
 .debug_line_str
                0x00000000       0xca ./Core/Startup/startup_stm32f301k6tx.o
